Flow report for RAM1
Sun Sep 26 08:37:39 2010
Quartus II Version 10.0 Build 218 06/27/2010 SJ Full Version


---------------------
; Table of Contents ;
---------------------
  1. Legal Notice
  2. Flow Summary
  3. Flow Settings
  4. Flow Non-Default Global Settings
  5. Flow Elapsed Time
  6. Flow OS Summary
  7. Flow Log



----------------
; Legal Notice ;
----------------
Copyright (C) 1991-2010 Altera Corporation
Your use of Altera Corporation's design tools, logic functions 
and other software and tools, and its AMPP partner logic 
functions, and any output files from any of the foregoing 
(including device programming or simulation files), and any 
associated documentation or information are expressly subject 
to the terms and conditions of the Altera Program License 
Subscription Agreement, Altera MegaCore Function License 
Agreement, or other applicable license agreement, including, 
without limitation, that your use is for the sole purpose of 
programming logic devices manufactured by Altera and sold by 
Altera or its authorized distributors.  Please refer to the 
applicable agreement for further details.



+--------------------------------------------------------------------------------+
; Flow Summary                                                                   ;
+------------------------------------+-------------------------------------------+
; Flow Status                        ; Successful - Sun Sep 26 08:37:38 2010     ;
; Quartus II Version                 ; 10.0 Build 218 06/27/2010 SJ Full Version ;
; Revision Name                      ; RAM1                                      ;
; Top-level Entity Name              ; RAM1                                      ;
; Family                             ; Cyclone II                                ;
; Met timing requirements            ; N/A                                       ;
; Total logic elements               ; 0                                         ;
;     Total combinational functions  ; 0                                         ;
;     Dedicated logic registers      ; 0                                         ;
; Total registers                    ; 0                                         ;
; Total pins                         ; 59                                        ;
; Total virtual pins                 ; 0                                         ;
; Total memory bits                  ; 32,768                                    ;
; Embedded Multiplier 9-bit elements ; 0                                         ;
; Total PLLs                         ; 0                                         ;
+------------------------------------+-------------------------------------------+


+-----------------------------------------+
; Flow Settings                           ;
+-------------------+---------------------+
; Option            ; Setting             ;
+-------------------+---------------------+
; Start date & time ; 09/26/2010 08:37:32 ;
; Main task         ; Compilation         ;
; Revision Name     ; RAM1                ;
+-------------------+---------------------+


+------------------------------------------------------------------------------------------------+
; Flow Non-Default Global Settings                                                               ;
+-----------------------+-----------------------------+---------------+-------------+------------+
; Assignment Name       ; Value                       ; Default Value ; Entity Name ; Section Id ;
+-----------------------+-----------------------------+---------------+-------------+------------+
; COMPILER_SIGNATURE_ID ; 90591152932.128550465224603 ; --            ; --          ; --         ;
+-----------------------+-----------------------------+---------------+-------------+------------+


+--------------------------------------------------------------------------------------------------------------------------+
; Flow Elapsed Time                                                                                                        ;
+----------------------+--------------+-------------------------+---------------------+------------------------------------+
; Module Name          ; Elapsed Time ; Average Processors Used ; Peak Virtual Memory ; Total CPU Time (on all processors) ;
+----------------------+--------------+-------------------------+---------------------+------------------------------------+
; Analysis & Synthesis ; 00:00:04     ; 1.0                     ; --                  ; 00:00:02                           ;
; EDA Netlist Writer   ; 00:00:01     ; 1.0                     ; --                  ; 00:00:01                           ;
; Total                ; 00:00:05     ; --                      ; --                  ; 00:00:03                           ;
+----------------------+--------------+-------------------------+---------------------+------------------------------------+


+------------------------------------------------------------------------------------+
; Flow OS Summary                                                                    ;
+----------------------+---------------------+---------+------------+----------------+
; Module Name          ; Machine Hostname    ; OS Name ; OS Version ; Processor type ;
+----------------------+---------------------+---------+------------+----------------+
; Analysis & Synthesis ; graviton.cse.sc.edu ; Red Hat ; 5          ; x86_64         ;
; EDA Netlist Writer   ; graviton.cse.sc.edu ; Red Hat ; 5          ; x86_64         ;
+----------------------+---------------------+---------+------------+----------------+


------------
; Flow Log ;
------------
quartus_map RAM1 --source=RAM1.v --ini=greybox_disable_cut_checks=on --family="Cyclone II"
quartus_eda RAM1 --greybox_verilog=on --netlist=/share/jinz/MIPS/mips_sram/proj/RAM1_syn.v



