Flow report for DCache
Thu Nov 18 09:19:46 2010
Quartus II Version 10.0 Build 218 06/27/2010 SJ Full Version


---------------------
; Table of Contents ;
---------------------
  1. Legal Notice
  2. Flow Summary
  3. Flow Settings
  4. Flow Non-Default Global Settings
  5. Flow Elapsed Time
  6. Flow OS Summary
  7. Flow Log



----------------
; Legal Notice ;
----------------
Copyright (C) 1991-2010 Altera Corporation
Your use of Altera Corporation's design tools, logic functions 
and other software and tools, and its AMPP partner logic 
functions, and any output files from any of the foregoing 
(including device programming or simulation files), and any 
associated documentation or information are expressly subject 
to the terms and conditions of the Altera Program License 
Subscription Agreement, Altera MegaCore Function License 
Agreement, or other applicable license agreement, including, 
without limitation, that your use is for the sole purpose of 
programming logic devices manufactured by Altera and sold by 
Altera or its authorized distributors.  Please refer to the 
applicable agreement for further details.



+--------------------------------------------------------------------------------+
; Flow Summary                                                                   ;
+------------------------------------+-------------------------------------------+
; Flow Status                        ; Successful - Thu Nov 18 09:19:46 2010     ;
; Quartus II Version                 ; 10.0 Build 218 06/27/2010 SJ Full Version ;
; Revision Name                      ; DCache                                    ;
; Top-level Entity Name              ; DCache                                    ;
; Family                             ; Cyclone II                                ;
; Device                             ; EP2C35F672C6                              ;
; Timing Models                      ; Final                                     ;
; Met timing requirements            ; Yes                                       ;
; Total logic elements               ; 1,442 / 33,216 ( 4 % )                    ;
;     Total combinational functions  ; 1,176 / 33,216 ( 4 % )                    ;
;     Dedicated logic registers      ; 859 / 33,216 ( 3 % )                      ;
; Total registers                    ; 859                                       ;
; Total pins                         ; 147 / 475 ( 31 % )                        ;
; Total virtual pins                 ; 0                                         ;
; Total memory bits                  ; 1,024 / 483,840 ( < 1 % )                 ;
; Embedded Multiplier 9-bit elements ; 0 / 70 ( 0 % )                            ;
; Total PLLs                         ; 0 / 4 ( 0 % )                             ;
+------------------------------------+-------------------------------------------+


+-----------------------------------------+
; Flow Settings                           ;
+-------------------+---------------------+
; Option            ; Setting             ;
+-------------------+---------------------+
; Start date & time ; 11/18/2010 09:08:06 ;
; Main task         ; Compilation         ;
; Revision Name     ; DCache              ;
+-------------------+---------------------+


+--------------------------------------------------------------------------------------------------------------------------------+
; Flow Non-Default Global Settings                                                                                               ;
+-------------------------------------+-----------------------------------------------+---------------+-------------+------------+
; Assignment Name                     ; Value                                         ; Default Value ; Entity Name ; Section Id ;
+-------------------------------------+-----------------------------------------------+---------------+-------------+------------+
; COMPILER_SIGNATURE_ID               ; 158519294010.129008928616471                  ; --            ; --          ; --         ;
; MAX_CORE_JUNCTION_TEMP              ; 85                                            ; --            ; --          ; --         ;
; MIN_CORE_JUNCTION_TEMP              ; 0                                             ; --            ; --          ; --         ;
; PARTITION_COLOR                     ; 16764057                                      ; --            ; --          ; Top        ;
; PARTITION_FITTER_PRESERVATION_LEVEL ; PLACEMENT_AND_ROUTING                         ; --            ; --          ; Top        ;
; PARTITION_NETLIST_TYPE              ; SOURCE                                        ; --            ; --          ; Top        ;
; SEARCH_PATH                         ; /share/jinz/MIPS/mips_sram_s3/sim_src/include ; --            ; --          ; --         ;
; SMART_RECOMPILE                     ; On                                            ; Off           ; --          ; --         ;
+-------------------------------------+-----------------------------------------------+---------------+-------------+------------+


+-----------------------------------------------------------------------------------------------------------------------------+
; Flow Elapsed Time                                                                                                           ;
+-------------------------+--------------+-------------------------+---------------------+------------------------------------+
; Module Name             ; Elapsed Time ; Average Processors Used ; Peak Virtual Memory ; Total CPU Time (on all processors) ;
+-------------------------+--------------+-------------------------+---------------------+------------------------------------+
; Analysis & Synthesis    ; 00:00:10     ; 1.0                     ; --                  ; 00:00:09                           ;
; Fitter                  ; 00:00:13     ; 1.8                     ; --                  ; 00:00:16                           ;
; Assembler               ; 00:00:03     ; 1.0                     ; --                  ; 00:00:03                           ;
; Classic Timing Analyzer ; 00:00:02     ; 1.0                     ; --                  ; 00:00:02                           ;
; Total                   ; 00:00:28     ; --                      ; --                  ; 00:00:30                           ;
+-------------------------+--------------+-------------------------+---------------------+------------------------------------+


+--------------------------------------------------------------------------------------+
; Flow OS Summary                                                                      ;
+-------------------------+--------------------+---------+------------+----------------+
; Module Name             ; Machine Hostname   ; OS Name ; OS Version ; Processor type ;
+-------------------------+--------------------+---------+------------+----------------+
; Analysis & Synthesis    ; tachyon.cse.sc.edu ; Red Hat ; 5          ; x86_64         ;
; Fitter                  ; tachyon.cse.sc.edu ; Red Hat ; 5          ; x86_64         ;
; Assembler               ; tachyon.cse.sc.edu ; Red Hat ; 5          ; x86_64         ;
; Classic Timing Analyzer ; tachyon.cse.sc.edu ; Red Hat ; 5          ; x86_64         ;
+-------------------------+--------------------+---------+------------+----------------+


------------
; Flow Log ;
------------
quartus_map --read_settings_files=on --write_settings_files=off DCache -c DCache
quartus_fit --read_settings_files=on --write_settings_files=off DCache -c DCache
quartus_asm --read_settings_files=off --write_settings_files=off DCache -c DCache
quartus_tan --read_settings_files=off --write_settings_files=off DCache -c DCache --timing_analysis_only



